\BOOKMARK [1][-]{section.1}{\376\377\000M\000o\000d\000e\000s\000\040\000L\000o\000n\000g\000i\000t\000u\000d\000i\000n\000a\000u\000x}{}% 1
\BOOKMARK [1][-]{section.2}{\376\377\000P\000r\000o\000f\000i\000l\000\040\000g\000a\000u\000s\000s\000i\000e\000n}{}% 2
